Archive member included to satisfy reference by file (symbol)

lib/libdriver.a(gpio.o)       objs/src/cof.o (GPIOPadConfigSet)
lib/libdriver.a(interrupt.o)  lib/libdriver.a(gpio.o) (IntRegister)
lib/libdriver.a(sysctl.o)     objs/src/cof.o (SysCtlPeripheralReady)
lib/libdriver.a(timer.o)      objs/src/cof.o (TimerEnable)
lib/libdriver.a(cpu.o)        lib/libdriver.a(interrupt.o) (CPUcpsid)

Discarded input sections

 .text          0x0000000000000000        0x0 objs/src/cof.o
 .data          0x0000000000000000        0x0 objs/src/cof.o
 .bss           0x0000000000000000        0x0 objs/src/cof.o
 .text.t1_isr   0x0000000000000000       0x30 objs/src/cof.o
 .text.t2_isr   0x0000000000000000       0x94 objs/src/cof.o
 .text.portb_isr
                0x0000000000000000       0x30 objs/src/cof.o
 .text.t1_init  0x0000000000000000       0x5c objs/src/cof.o
 .text.t2_init  0x0000000000000000       0x58 objs/src/cof.o
 .text.gpio_init
                0x0000000000000000       0x50 objs/src/cof.o
 .bss.counter   0x0000000000000000        0x4 objs/src/cof.o
 .bss.current_value
                0x0000000000000000        0x4 objs/src/cof.o
 .bss.initial_weight
                0x0000000000000000        0x4 objs/src/cof.o
 .bss.num_pulses
                0x0000000000000000        0x4 objs/src/cof.o
 .data.divisions
                0x0000000000000000        0x4 objs/src/cof.o
 .data.first_conv
                0x0000000000000000        0x1 objs/src/cof.o
 .data.set      0x0000000000000000        0x4 objs/src/cof.o
 .text          0x0000000000000000        0x0 objs/sys/startup_gcc.o
 .data          0x0000000000000000        0x0 objs/sys/startup_gcc.o
 .bss           0x0000000000000000        0x0 objs/sys/startup_gcc.o
 .text          0x0000000000000000        0x0 lib/libdriver.a(gpio.o)
 .data          0x0000000000000000        0x0 lib/libdriver.a(gpio.o)
 .bss           0x0000000000000000        0x0 lib/libdriver.a(gpio.o)
 .text._GPIOIntNumberGet
                0x0000000000000000       0x44 lib/libdriver.a(gpio.o)
 .text.GPIODirModeSet
                0x0000000000000000       0x26 lib/libdriver.a(gpio.o)
 .text.GPIODirModeGet
                0x0000000000000000       0x26 lib/libdriver.a(gpio.o)
 .text.GPIOIntTypeSet
                0x0000000000000000       0x4e lib/libdriver.a(gpio.o)
 .text.GPIOIntTypeGet
                0x0000000000000000       0x42 lib/libdriver.a(gpio.o)
 .text.GPIOPadConfigSet
                0x0000000000000000      0x148 lib/libdriver.a(gpio.o)
 .text.GPIOPadConfigGet
                0x0000000000000000       0xe4 lib/libdriver.a(gpio.o)
 .text.GPIOIntDisable
                0x0000000000000000        0xe lib/libdriver.a(gpio.o)
 .text.GPIOIntStatus
                0x0000000000000000        0xe lib/libdriver.a(gpio.o)
 .text.GPIOIntClear
                0x0000000000000000        0x6 lib/libdriver.a(gpio.o)
 .text.GPIOIntRegister
                0x0000000000000000       0x1c lib/libdriver.a(gpio.o)
 .text.GPIOIntUnregister
                0x0000000000000000       0x16 lib/libdriver.a(gpio.o)
 .text.GPIOIntRegisterPin
                0x0000000000000000       0x20 lib/libdriver.a(gpio.o)
 .text.GPIOIntUnregisterPin
                0x0000000000000000       0x1c lib/libdriver.a(gpio.o)
 .text.GPIOPinRead
                0x0000000000000000        0x6 lib/libdriver.a(gpio.o)
 .text.GPIOPinTypeADC
                0x0000000000000000       0x18 lib/libdriver.a(gpio.o)
 .text.GPIOPinTypeCAN
                0x0000000000000000       0x18 lib/libdriver.a(gpio.o)
 .text.GPIOPinTypeComparator
                0x0000000000000000        0x4 lib/libdriver.a(gpio.o)
 .text.GPIOPinTypeComparatorOutput
                0x0000000000000000       0x18 lib/libdriver.a(gpio.o)
 .text.GPIOPinTypeDIVSCLK
                0x0000000000000000        0x4 lib/libdriver.a(gpio.o)
 .text.GPIOPinTypeEPI
                0x0000000000000000        0x4 lib/libdriver.a(gpio.o)
 .text.GPIOPinTypeEthernetLED
                0x0000000000000000        0x4 lib/libdriver.a(gpio.o)
 .text.GPIOPinTypeEthernetMII
                0x0000000000000000        0x4 lib/libdriver.a(gpio.o)
 .text.GPIOPinTypeGPIOInput
                0x0000000000000000       0x18 lib/libdriver.a(gpio.o)
 .text.GPIOPinTypeGPIOOutput
                0x0000000000000000       0x18 lib/libdriver.a(gpio.o)
 .text.GPIOPinTypeGPIOOutputOD
                0x0000000000000000       0x18 lib/libdriver.a(gpio.o)
 .text.GPIOPinTypeHibernateRTCCLK
                0x0000000000000000        0x4 lib/libdriver.a(gpio.o)
 .text.GPIOPinTypeI2C
                0x0000000000000000       0x18 lib/libdriver.a(gpio.o)
 .text.GPIOPinTypeI2CSCL
                0x0000000000000000        0x4 lib/libdriver.a(gpio.o)
 .text.GPIOPinTypeLCD
                0x0000000000000000        0x4 lib/libdriver.a(gpio.o)
 .text.GPIOPinTypeOneWire
                0x0000000000000000        0x4 lib/libdriver.a(gpio.o)
 .text.GPIOPinTypePWM
                0x0000000000000000        0x4 lib/libdriver.a(gpio.o)
 .text.GPIOPinTypeQEI
                0x0000000000000000       0x18 lib/libdriver.a(gpio.o)
 .text.GPIOPinTypeSSI
                0x0000000000000000        0x4 lib/libdriver.a(gpio.o)
 .text.GPIOPinTypeTimer
                0x0000000000000000        0x4 lib/libdriver.a(gpio.o)
 .text.GPIOPinTypeTrace
                0x0000000000000000        0x4 lib/libdriver.a(gpio.o)
 .text.GPIOPinTypeUART
                0x0000000000000000        0x4 lib/libdriver.a(gpio.o)
 .text.GPIOPinTypeUSBAnalog
                0x0000000000000000        0x4 lib/libdriver.a(gpio.o)
 .text.GPIOPinTypeUSBDigital
                0x0000000000000000        0x4 lib/libdriver.a(gpio.o)
 .text.GPIOPinTypeWakeHigh
                0x0000000000000000       0x1a lib/libdriver.a(gpio.o)
 .text.GPIOPinTypeWakeLow
                0x0000000000000000       0x1a lib/libdriver.a(gpio.o)
 .text.GPIOPinWakeStatus
                0x0000000000000000        0x6 lib/libdriver.a(gpio.o)
 .text.GPIOPinConfigure
                0x0000000000000000       0x44 lib/libdriver.a(gpio.o)
 .text.GPIODMATriggerEnable
                0x0000000000000000        0xc lib/libdriver.a(gpio.o)
 .text.GPIODMATriggerDisable
                0x0000000000000000        0xe lib/libdriver.a(gpio.o)
 .text.GPIOADCTriggerEnable
                0x0000000000000000        0xc lib/libdriver.a(gpio.o)
 .text.GPIOADCTriggerDisable
                0x0000000000000000        0xe lib/libdriver.a(gpio.o)
 .text.GPIOUnlockPin
                0x0000000000000000       0x18 lib/libdriver.a(gpio.o)
 .rodata.g_ppui32GPIOIntMapBlizzard
                0x0000000000000000       0xc0 lib/libdriver.a(gpio.o)
 .rodata.g_ppui32GPIOIntMapSnowflake
                0x0000000000000000       0xd8 lib/libdriver.a(gpio.o)
 .rodata.g_pui32GPIOBaseAddrs
                0x0000000000000000       0x90 lib/libdriver.a(gpio.o)
 .text          0x0000000000000000        0x0 lib/libdriver.a(interrupt.o)
 .data          0x0000000000000000        0x0 lib/libdriver.a(interrupt.o)
 .bss           0x0000000000000000        0x0 lib/libdriver.a(interrupt.o)
 .text._IntDefaultHandler
                0x0000000000000000        0x2 lib/libdriver.a(interrupt.o)
 .text.IntMasterEnable
                0x0000000000000000        0xe lib/libdriver.a(interrupt.o)
 .text.IntMasterDisable
                0x0000000000000000        0xe lib/libdriver.a(interrupt.o)
 .text.IntRegister
                0x0000000000000000       0x38 lib/libdriver.a(interrupt.o)
 .text.IntUnregister
                0x0000000000000000       0x14 lib/libdriver.a(interrupt.o)
 .text.IntPriorityGroupingSet
                0x0000000000000000       0x1c lib/libdriver.a(interrupt.o)
 .text.IntPriorityGroupingGet
                0x0000000000000000       0x24 lib/libdriver.a(interrupt.o)
 .text.IntPrioritySet
                0x0000000000000000       0x28 lib/libdriver.a(interrupt.o)
 .text.IntPriorityGet
                0x0000000000000000       0x1c lib/libdriver.a(interrupt.o)
 .text.IntEnable
                0x0000000000000000       0x60 lib/libdriver.a(interrupt.o)
 .text.IntDisable
                0x0000000000000000       0x60 lib/libdriver.a(interrupt.o)
 .text.IntIsEnabled
                0x0000000000000000       0x64 lib/libdriver.a(interrupt.o)
 .text.IntPendSet
                0x0000000000000000       0x50 lib/libdriver.a(interrupt.o)
 .text.IntPendClear
                0x0000000000000000       0x40 lib/libdriver.a(interrupt.o)
 .text.IntPriorityMaskSet
                0x0000000000000000        0x4 lib/libdriver.a(interrupt.o)
 .text.IntPriorityMaskGet
                0x0000000000000000        0x4 lib/libdriver.a(interrupt.o)
 .text.IntTrigger
                0x0000000000000000        0xc lib/libdriver.a(interrupt.o)
 .rodata.g_pui32Dii16Regs
                0x0000000000000000       0x14 lib/libdriver.a(interrupt.o)
 .rodata.g_pui32EnRegs
                0x0000000000000000       0x14 lib/libdriver.a(interrupt.o)
 .rodata.g_pui32PendRegs
                0x0000000000000000       0x14 lib/libdriver.a(interrupt.o)
 .rodata.g_pui32Priority
                0x0000000000000000       0x20 lib/libdriver.a(interrupt.o)
 .rodata.g_pui32Regs
                0x0000000000000000       0x9c lib/libdriver.a(interrupt.o)
 .rodata.g_pui32UnpendRegs
                0x0000000000000000       0x14 lib/libdriver.a(interrupt.o)
 vtable         0x0000000000000000      0x26c lib/libdriver.a(interrupt.o)
 .comment       0x0000000000000000       0x5a lib/libdriver.a(interrupt.o)
 .ARM.attributes
                0x0000000000000000       0x34 lib/libdriver.a(interrupt.o)
 .text          0x0000000000000000        0x0 lib/libdriver.a(sysctl.o)
 .data          0x0000000000000000        0x0 lib/libdriver.a(sysctl.o)
 .bss           0x0000000000000000        0x0 lib/libdriver.a(sysctl.o)
 .text._SysCtlMemTimingGet
                0x0000000000000000       0x64 lib/libdriver.a(sysctl.o)
 .text.SysCtlSRAMSizeGet
                0x0000000000000000       0x10 lib/libdriver.a(sysctl.o)
 .text.SysCtlFlashSizeGet
                0x0000000000000000       0x44 lib/libdriver.a(sysctl.o)
 .text.SysCtlFlashSectorSizeGet
                0x0000000000000000       0x38 lib/libdriver.a(sysctl.o)
 .text.SysCtlPeripheralPresent
                0x0000000000000000       0x24 lib/libdriver.a(sysctl.o)
 .text.SysCtlPeripheralReady
                0x0000000000000000       0x24 lib/libdriver.a(sysctl.o)
 .text.SysCtlPeripheralPowerOn
                0x0000000000000000       0x20 lib/libdriver.a(sysctl.o)
 .text.SysCtlPeripheralPowerOff
                0x0000000000000000       0x20 lib/libdriver.a(sysctl.o)
 .text.SysCtlPeripheralReset
                0x0000000000000000       0x38 lib/libdriver.a(sysctl.o)
 .text.SysCtlPeripheralEnable
                0x0000000000000000       0x20 lib/libdriver.a(sysctl.o)
 .text.SysCtlPeripheralDisable
                0x0000000000000000       0x20 lib/libdriver.a(sysctl.o)
 .text.SysCtlPeripheralSleepEnable
                0x0000000000000000       0x20 lib/libdriver.a(sysctl.o)
 .text.SysCtlPeripheralSleepDisable
                0x0000000000000000       0x20 lib/libdriver.a(sysctl.o)
 .text.SysCtlPeripheralDeepSleepEnable
                0x0000000000000000       0x20 lib/libdriver.a(sysctl.o)
 .text.SysCtlPeripheralDeepSleepDisable
                0x0000000000000000       0x20 lib/libdriver.a(sysctl.o)
 .text.SysCtlPeripheralClockGating
                0x0000000000000000       0x48 lib/libdriver.a(sysctl.o)
 .text.SysCtlIntRegister
                0x0000000000000000       0x14 lib/libdriver.a(sysctl.o)
 .text.SysCtlIntUnregister
                0x0000000000000000       0x12 lib/libdriver.a(sysctl.o)
 .text.SysCtlIntEnable
                0x0000000000000000       0x10 lib/libdriver.a(sysctl.o)
 .text.SysCtlIntDisable
                0x0000000000000000       0x10 lib/libdriver.a(sysctl.o)
 .text.SysCtlIntClear
                0x0000000000000000        0xc lib/libdriver.a(sysctl.o)
 .text.SysCtlIntStatus
                0x0000000000000000       0x14 lib/libdriver.a(sysctl.o)
 .text.SysCtlLDOSleepSet
                0x0000000000000000        0xc lib/libdriver.a(sysctl.o)
 .text.SysCtlLDOSleepGet
                0x0000000000000000        0xc lib/libdriver.a(sysctl.o)
 .text.SysCtlLDODeepSleepSet
                0x0000000000000000        0xc lib/libdriver.a(sysctl.o)
 .text.SysCtlLDODeepSleepGet
                0x0000000000000000        0xc lib/libdriver.a(sysctl.o)
 .text.SysCtlSleepPowerSet
                0x0000000000000000        0xc lib/libdriver.a(sysctl.o)
 .text.SysCtlDeepSleepPowerSet
                0x0000000000000000        0xc lib/libdriver.a(sysctl.o)
 .text.SysCtlReset
                0x0000000000000000       0x10 lib/libdriver.a(sysctl.o)
 .text.SysCtlSleep
                0x0000000000000000        0x4 lib/libdriver.a(sysctl.o)
 .text.SysCtlDeepSleep
                0x0000000000000000       0x20 lib/libdriver.a(sysctl.o)
 .text.SysCtlResetCauseGet
                0x0000000000000000        0xc lib/libdriver.a(sysctl.o)
 .text.SysCtlResetCauseClear
                0x0000000000000000       0x10 lib/libdriver.a(sysctl.o)
 .text.SysCtlMOSCConfigSet
                0x0000000000000000        0xc lib/libdriver.a(sysctl.o)
 .text.SysCtlPIOSCCalibrate
                0x0000000000000000       0x48 lib/libdriver.a(sysctl.o)
 .text.SysCtlResetBehaviorSet
                0x0000000000000000        0xc lib/libdriver.a(sysctl.o)
 .text.SysCtlResetBehaviorGet
                0x0000000000000000        0xc lib/libdriver.a(sysctl.o)
 .text.SysCtlClockFreqSet
                0x0000000000000000      0x23c lib/libdriver.a(sysctl.o)
 .text.SysCtlDeepSleepClockSet
                0x0000000000000000        0xc lib/libdriver.a(sysctl.o)
 .text.SysCtlDeepSleepClockConfigSet
                0x0000000000000000       0x60 lib/libdriver.a(sysctl.o)
 .text.SysCtlPWMClockSet
                0x0000000000000000       0x14 lib/libdriver.a(sysctl.o)
 .text.SysCtlPWMClockGet
                0x0000000000000000       0x18 lib/libdriver.a(sysctl.o)
 .text.SysCtlGPIOAHBEnable
                0x0000000000000000       0x18 lib/libdriver.a(sysctl.o)
 .text.SysCtlGPIOAHBDisable
                0x0000000000000000       0x1c lib/libdriver.a(sysctl.o)
 .text.SysCtlUSBPLLEnable
                0x0000000000000000       0x10 lib/libdriver.a(sysctl.o)
 .text.SysCtlUSBPLLDisable
                0x0000000000000000       0x10 lib/libdriver.a(sysctl.o)
 .text.SysCtlVoltageEventConfig
                0x0000000000000000        0xc lib/libdriver.a(sysctl.o)
 .text.SysCtlVoltageEventStatus
                0x0000000000000000        0xc lib/libdriver.a(sysctl.o)
 .text.SysCtlVoltageEventClear
                0x0000000000000000       0x10 lib/libdriver.a(sysctl.o)
 .text.SysCtlVCOGet
                0x0000000000000000       0x70 lib/libdriver.a(sysctl.o)
 .text.SysCtlNMIStatus
                0x0000000000000000        0xc lib/libdriver.a(sysctl.o)
 .text.SysCtlNMIClear
                0x0000000000000000       0x10 lib/libdriver.a(sysctl.o)
 .text.SysCtlClockOutConfig
                0x0000000000000000       0x10 lib/libdriver.a(sysctl.o)
 .text.SysCtlAltClkConfig
                0x0000000000000000        0xc lib/libdriver.a(sysctl.o)
 .rodata.g_pppui32XTALtoVCO
                0x0000000000000000      0x1b0 lib/libdriver.a(sysctl.o)
 .rodata.g_pui32VCOFrequencies
                0x0000000000000000        0x8 lib/libdriver.a(sysctl.o)
 .rodata.g_sXTALtoMEMTIM
                0x0000000000000000       0x30 lib/libdriver.a(sysctl.o)
 .text          0x0000000000000000        0x0 lib/libdriver.a(timer.o)
 .data          0x0000000000000000        0x0 lib/libdriver.a(timer.o)
 .bss           0x0000000000000000        0x0 lib/libdriver.a(timer.o)
 .text._TimerIntNumberGet
                0x0000000000000000       0x4c lib/libdriver.a(timer.o)
 .text.TimerEnable
                0x0000000000000000       0x10 lib/libdriver.a(timer.o)
 .text.TimerDisable
                0x0000000000000000       0x12 lib/libdriver.a(timer.o)
 .text.TimerConfigure
                0x0000000000000000       0x5c lib/libdriver.a(timer.o)
 .text.TimerControlLevel
                0x0000000000000000       0x1c lib/libdriver.a(timer.o)
 .text.TimerControlTrigger
                0x0000000000000000       0x4c lib/libdriver.a(timer.o)
 .text.TimerControlEvent
                0x0000000000000000       0x18 lib/libdriver.a(timer.o)
 .text.TimerControlStall
                0x0000000000000000       0x1c lib/libdriver.a(timer.o)
 .text.TimerControlWaitOnTrigger
                0x0000000000000000       0x2e lib/libdriver.a(timer.o)
 .text.TimerRTCEnable
                0x0000000000000000        0xa lib/libdriver.a(timer.o)
 .text.TimerRTCDisable
                0x0000000000000000        0xa lib/libdriver.a(timer.o)
 .text.TimerClockSourceSet
                0x0000000000000000        0x6 lib/libdriver.a(timer.o)
 .text.TimerClockSourceGet
                0x0000000000000000        0x6 lib/libdriver.a(timer.o)
 .text.TimerPrescaleSet
                0x0000000000000000       0x12 lib/libdriver.a(timer.o)
 .text.TimerPrescaleGet
                0x0000000000000000        0xa lib/libdriver.a(timer.o)
 .text.TimerPrescaleMatchSet
                0x0000000000000000       0x12 lib/libdriver.a(timer.o)
 .text.TimerPrescaleMatchGet
                0x0000000000000000        0xa lib/libdriver.a(timer.o)
 .text.TimerLoadSet
                0x0000000000000000       0x12 lib/libdriver.a(timer.o)
 .text.TimerLoadGet
                0x0000000000000000        0xa lib/libdriver.a(timer.o)
 .text.TimerLoadSet64
                0x0000000000000000        0x6 lib/libdriver.a(timer.o)
 .text.TimerLoadGet64
                0x0000000000000000        0xe lib/libdriver.a(timer.o)
 .text.TimerValueGet
                0x0000000000000000        0xa lib/libdriver.a(timer.o)
 .text.TimerValueGet64
                0x0000000000000000        0xe lib/libdriver.a(timer.o)
 .text.TimerMatchSet
                0x0000000000000000       0x12 lib/libdriver.a(timer.o)
 .text.TimerMatchGet
                0x0000000000000000        0xa lib/libdriver.a(timer.o)
 .text.TimerMatchSet64
                0x0000000000000000        0x6 lib/libdriver.a(timer.o)
 .text.TimerMatchGet64
                0x0000000000000000        0xe lib/libdriver.a(timer.o)
 .text.TimerIntRegister
                0x0000000000000000       0x1a lib/libdriver.a(timer.o)
 .text.TimerIntUnregister
                0x0000000000000000       0x16 lib/libdriver.a(timer.o)
 .text.TimerIntEnable
                0x0000000000000000        0x8 lib/libdriver.a(timer.o)
 .text.TimerIntDisable
                0x0000000000000000        0xa lib/libdriver.a(timer.o)
 .text.TimerIntStatus
                0x0000000000000000        0xa lib/libdriver.a(timer.o)
 .text.TimerIntClear
                0x0000000000000000        0x4 lib/libdriver.a(timer.o)
 .text.TimerSynchronize
                0x0000000000000000        0x4 lib/libdriver.a(timer.o)
 .text.TimerADCEventSet
                0x0000000000000000        0x4 lib/libdriver.a(timer.o)
 .text.TimerADCEventGet
                0x0000000000000000        0x4 lib/libdriver.a(timer.o)
 .text.TimerDMAEventSet
                0x0000000000000000        0x4 lib/libdriver.a(timer.o)
 .text.TimerDMAEventGet
                0x0000000000000000        0x4 lib/libdriver.a(timer.o)
 .text.TimerUpdateMode
                0x0000000000000000       0x28 lib/libdriver.a(timer.o)
 .rodata.g_ppui32TimerIntMap
                0x0000000000000000       0x60 lib/libdriver.a(timer.o)
 .rodata.g_ppui32TimerIntMapSnowflake
                0x0000000000000000       0x40 lib/libdriver.a(timer.o)
 .comment       0x0000000000000000       0x5a lib/libdriver.a(timer.o)
 .ARM.attributes
                0x0000000000000000       0x34 lib/libdriver.a(timer.o)
 .text          0x0000000000000000        0x0 lib/libdriver.a(cpu.o)
 .data          0x0000000000000000        0x0 lib/libdriver.a(cpu.o)
 .bss           0x0000000000000000        0x0 lib/libdriver.a(cpu.o)
 .text.CPUcpsid
                0x0000000000000000        0x8 lib/libdriver.a(cpu.o)
 .text.CPUprimask
                0x0000000000000000        0x6 lib/libdriver.a(cpu.o)
 .text.CPUcpsie
                0x0000000000000000        0x8 lib/libdriver.a(cpu.o)
 .text.CPUwfi   0x0000000000000000        0x4 lib/libdriver.a(cpu.o)
 .text.CPUbasepriSet
                0x0000000000000000        0x6 lib/libdriver.a(cpu.o)
 .text.CPUbasepriGet
                0x0000000000000000        0x6 lib/libdriver.a(cpu.o)
 .comment       0x0000000000000000       0x5a lib/libdriver.a(cpu.o)
 .ARM.attributes
                0x0000000000000000       0x34 lib/libdriver.a(cpu.o)

Memory Configuration

Name             Origin             Length             Attributes
FLASH            0x0000000000000000 0x0000000000040000 xr
SRAM             0x0000000020000000 0x0000000000008000 xrw
*default*        0x0000000000000000 0xffffffffffffffff

Linker script and memory map

LOAD objs/src/cof.o
LOAD objs/sys/startup_gcc.o

.text           0x0000000000000000      0x61c
                0x0000000000000000                _text = .
 *(.isr_vector)
 .isr_vector    0x0000000000000000      0x26c objs/sys/startup_gcc.o
                0x0000000000000000                g_pfnVectors
 *(.text*)
 .text.main     0x000000000000026c       0x68 objs/src/cof.o
                0x000000000000026c                main
 .text.NmiSR    0x00000000000002d4        0x2 objs/sys/startup_gcc.o
 .text.FaultISR
                0x00000000000002d6        0x2 objs/sys/startup_gcc.o
 .text.IntDefaultHandler
                0x00000000000002d8        0x2 objs/sys/startup_gcc.o
 *fill*         0x00000000000002da        0x2 
 .text.ResetISR
                0x00000000000002dc       0x50 objs/sys/startup_gcc.o
                0x00000000000002dc                ResetISR
 .text.GPIOIntEnable
                0x000000000000032c        0xc lib/libdriver.a(gpio.o)
                0x000000000000032c                GPIOIntEnable
 .text.GPIOPinWrite
                0x0000000000000338        0x6 lib/libdriver.a(gpio.o)
                0x0000000000000338                GPIOPinWrite
 .text.SysCtlDelay
                0x000000000000033e        0x8 lib/libdriver.a(sysctl.o)
                0x000000000000033e                SysCtlDelay
 *fill*         0x0000000000000346        0x2 
 .text.SysCtlClockSet
                0x0000000000000348      0x114 lib/libdriver.a(sysctl.o)
                0x0000000000000348                SysCtlClockSet
 .text.SysCtlClockGet
                0x000000000000045c      0x154 lib/libdriver.a(sysctl.o)
                0x000000000000045c                SysCtlClockGet
 *(.rodata*)
 .rodata.g_pui32Xtals
                0x00000000000005b0       0x6c lib/libdriver.a(sysctl.o)
                0x000000000000061c                _etext = .

.glue_7         0x000000000000061c        0x0
 .glue_7        0x000000000000061c        0x0 linker stubs

.glue_7t        0x000000000000061c        0x0
 .glue_7t       0x000000000000061c        0x0 linker stubs

.vfp11_veneer   0x000000000000061c        0x0
 .vfp11_veneer  0x000000000000061c        0x0 linker stubs

.v4_bx          0x000000000000061c        0x0
 .v4_bx         0x000000000000061c        0x0 linker stubs

.iplt           0x000000000000061c        0x0
 .iplt          0x000000000000061c        0x0 objs/src/cof.o

.rel.dyn        0x000000000000061c        0x0
 .rel.iplt      0x000000000000061c        0x0 objs/src/cof.o

.data           0x0000000020000000        0x1 load address 0x000000000000061c
                0x0000000020000000                _data = .
 *(vtable)
 *(.data*)
 .data.machine_on
                0x0000000020000000        0x1 objs/src/cof.o
                0x0000000020000000                machine_on
                0x0000000020000001                _edata = .

.igot.plt       0x0000000020000004        0x0 load address 0x0000000000000620
 .igot.plt      0x0000000020000004        0x0 objs/src/cof.o

.bss            0x0000000020000004      0x104 load address 0x0000000000000620
                0x0000000020000004                _bss = .
 *(.bss*)
 .bss.current_weight
                0x0000000020000004        0x4 objs/src/cof.o
                0x0000000020000004                current_weight
 .bss.pulStack  0x0000000020000008      0x100 objs/sys/startup_gcc.o
 *(COMMON)
                0x0000000020000108                _ebss = .
LOAD lib/libdriver.a
OUTPUT(objs/coffeebinary.axf elf32-littlearm)
LOAD linker stubs

.debug_info     0x0000000000000000      0x89c
 .debug_info    0x0000000000000000      0x700 objs/src/cof.o
 .debug_info    0x0000000000000700      0x19c objs/sys/startup_gcc.o

.debug_abbrev   0x0000000000000000      0x1fc
 .debug_abbrev  0x0000000000000000       0xfd objs/src/cof.o
 .debug_abbrev  0x00000000000000fd       0xff objs/sys/startup_gcc.o

.debug_aranges  0x0000000000000000       0x88
 .debug_aranges
                0x0000000000000000       0x50 objs/src/cof.o
 .debug_aranges
                0x0000000000000050       0x38 objs/sys/startup_gcc.o

.debug_ranges   0x0000000000000000       0x68
 .debug_ranges  0x0000000000000000       0x40 objs/src/cof.o
 .debug_ranges  0x0000000000000040       0x28 objs/sys/startup_gcc.o

.debug_line     0x0000000000000000      0x366
 .debug_line    0x0000000000000000      0x241 objs/src/cof.o
 .debug_line    0x0000000000000241      0x125 objs/sys/startup_gcc.o

.debug_str      0x0000000000000000      0x3de
 .debug_str     0x0000000000000000      0x35e objs/src/cof.o
                                        0x392 (size before relaxing)
 .debug_str     0x000000000000035e       0x80 objs/sys/startup_gcc.o
                                        0x208 (size before relaxing)

.comment        0x0000000000000000       0x59
 .comment       0x0000000000000000       0x59 objs/src/cof.o
                                         0x5a (size before relaxing)
 .comment       0x0000000000000059       0x5a objs/sys/startup_gcc.o
 .comment       0x0000000000000059       0x5a lib/libdriver.a(gpio.o)
 .comment       0x0000000000000059       0x5a lib/libdriver.a(sysctl.o)

.ARM.attributes
                0x0000000000000000       0x34
 .ARM.attributes
                0x0000000000000000       0x34 objs/src/cof.o
 .ARM.attributes
                0x0000000000000034       0x34 objs/sys/startup_gcc.o
 .ARM.attributes
                0x0000000000000068       0x34 lib/libdriver.a(gpio.o)
 .ARM.attributes
                0x000000000000009c       0x34 lib/libdriver.a(sysctl.o)

.debug_frame    0x0000000000000000      0x110
 .debug_frame   0x0000000000000000       0xb8 objs/src/cof.o
 .debug_frame   0x00000000000000b8       0x58 objs/sys/startup_gcc.o

.debug_loc      0x0000000000000000       0x62
 .debug_loc     0x0000000000000000       0x62 objs/sys/startup_gcc.o
